#1 [internal] load local bake definitions
#1 reading from stdin 374B 0.3s done
#1 DONE 0.3s

#2 [internal] load build definition from Dockerfile
#2 transferring dockerfile:
#2 transferring dockerfile: 923B 0.1s done
#2 DONE 1.0s

#3 [internal] load metadata for docker.io/library/node:22-alpine
#3 DONE 3.3s

#4 [internal] load .dockerignore
#4 transferring context:
#4 transferring context: 102B 0.1s done
#4 DONE 1.1s

#5 [internal] load build context
#5 DONE 0.0s

#6 [build 1/9] FROM docker.io/library/node:22-alpine@sha256:c610fcdfb1d5b4740dd70c284ed3cb16bb857e0f7166196e36a5501df7a3aa32
#6 resolve docker.io/library/node:22-alpine@sha256:c610fcdfb1d5b4740dd70c284ed3cb16bb857e0f7166196e36a5501df7a3aa32
#6 resolve docker.io/library/node:22-alpine@sha256:c610fcdfb1d5b4740dd70c284ed3cb16bb857e0f7166196e36a5501df7a3aa32 0.3s done
#6 DONE 0.4s

#5 [internal] load build context
#5 transferring context: 24.20kB 0.3s done
#5 DONE 1.1s

#7 [build 3/9] COPY package.json pnpm-lock.yaml pnpm-workspace.yaml ./
#7 CACHED

#8 [build 4/9] COPY apps/api/package.json ./apps/api/package.json
#8 CACHED

#9 [build 2/9] WORKDIR /app
#9 CACHED

#10 [build 5/9] RUN corepack enable && pnpm install --frozen-lockfile=false
#10 CACHED

#11 [build 6/9] COPY apps/api ./apps/api
#11 DONE 1.7s

#12 [build 7/9] WORKDIR /app/apps/api
#12 DONE 0.5s

#13 [build 8/9] RUN pnpm install --filter events-api --no-frozen-lockfile
#13 23.15 Done in 16.1s
#13 DONE 23.6s

#14 [build 9/9] RUN pnpm --filter events-api exec prisma generate --schema prisma/schema.prisma && pnpm --filter events-api build && pnpm deploy --filter events-api /prod && PRISMA_CLIENT_DIR=$(find /app/node_modules -type d -path '*/.prisma/client' | head -n 1) && mkdir -p /prod/node_modules/.prisma && cp -r "$PRISMA_CLIENT_DIR" /prod/node_modules/.prisma/client
#14 20.01 Environment variables loaded from .env
#14 20.02 Prisma schema loaded from prisma/schema.prisma
#14 30.23 
#14 30.23 ✔ Generated Prisma Client (v6.19.3) to ./../../node_modules/.pnpm/@prisma+client@6.19.3_prisma@6.19.3_magicast@0.5.4_typescript@5.9.2__typescript@5.9.2/node_modules/@prisma/client in 7.00s
#14 30.23 
#14 30.23 Start by importing your Prisma Client (See: https://pris.ly/d/importing-client)
#14 30.23 
#14 30.23 Tip: Need your database queries to be 1000x faster? Accelerate offers you that and more: https://pris.ly/tip-2-accelerate
#14 30.23 
#14 33.45 
#14 33.45 > events-api@0.1.0 build /app/apps/api
#14 33.45 > tsc -p tsconfig.json
#14 33.45 
#14 75.25 Packages are copied from the content-addressable store to the virtual store.
#14 75.25   Content-addressable store is at: /root/.local/share/pnpm/store/v3
#14 75.25   Virtual store is at:             ../../../prod/node_modules/.pnpm
#14 76.75 ../..                                    | Progress: resolved 0, reused 1, downloaded 0, added 0
#14 77.77 ../..                                    | Progress: resolved 22, reused 22, downloaded 0, added 0
#14 79.06 ../..                                    | Progress: resolved 27, reused 27, downloaded 0, added 0
#14 80.51 ../..                                    | Progress: resolved 82, reused 60, downloaded 0, added 0
#14 81.58 ../..                                    | Progress: resolved 166, reused 134, downloaded 0, added 0
#14 82.66 ../..                                    | Progress: resolved 232, reused 201, downloaded 0, added 0
#14 83.60 ../..                                    | Progress: resolved 257, reused 226, downloaded 0, added 0
#14 84.60 ../..                                    | Progress: resolved 260, reused 229, downloaded 0, added 0
#14 85.33 ../..                                    | +233 +++++++++++++++++++++++
#14 85.60 ../..                                    | Progress: resolved 264, reused 233, downloaded 0, added 0
#14 86.60 ../..                                    | Progress: resolved 264, reused 233, downloaded 0, added 11
#14 87.60 ../..                                    | Progress: resolved 264, reused 233, downloaded 0, added 17
#14 88.60 ../..                                    | Progress: resolved 264, reused 233, downloaded 0, added 36
#14 89.60 ../..                                    | Progress: resolved 264, reused 233, downloaded 0, added 46
#14 90.62 ../..                                    | Progress: resolved 264, reused 233, downloaded 0, added 49
#14 91.62 ../..                                    | Progress: resolved 264, reused 233, downloaded 0, added 50
#14 92.62 ../..                                    | Progress: resolved 264, reused 233, downloaded 0, added 52
#14 93.62 ../..                                    | Progress: resolved 264, reused 233, downloaded 0, added 55
#14 94.62 ../..                                    | Progress: resolved 264, reused 233, downloaded 0, added 61
#14 95.63 ../..                                    | Progress: resolved 264, reused 233, downloaded 0, added 62
#14 96.63 ../..                                    | Progress: resolved 264, reused 233, downloaded 0, added 70
#14 97.63 ../..                                    | Progress: resolved 264, reused 233, downloaded 0, added 77
#14 98.63 ../..                                    | Progress: resolved 264, reused 233, downloaded 0, added 81
#14 99.63 ../..                                    | Progress: resolved 264, reused 233, downloaded 0, added 85
#14 100.6 ../..                                    | Progress: resolved 264, reused 233, downloaded 0, added 88
#14 102.4 ../..                                    | Progress: resolved 264, reused 233, downloaded 0, added 89
#14 103.4 ../..                                    | Progress: resolved 264, reused 233, downloaded 0, added 91
#14 104.4 ../..                                    | Progress: resolved 264, reused 233, downloaded 0, added 92
#14 105.4 ../..                                    | Progress: resolved 264, reused 233, downloaded 0, added 93
#14 111.6 ../..                                    | Progress: resolved 264, reused 233, downloaded 0, added 94
#14 112.6 ../..                                    | Progress: resolved 264, reused 233, downloaded 0, added 102
#14 113.6 ../..                                    | Progress: resolved 264, reused 233, downloaded 0, added 115
#14 114.6 ../..                                    | Progress: resolved 264, reused 233, downloaded 0, added 118
#14 115.6 ../..                                    | Progress: resolved 264, reused 233, downloaded 0, added 135
#14 116.6 ../..                                    | Progress: resolved 264, reused 233, downloaded 0, added 136
#14 117.6 ../..                                    | Progress: resolved 264, reused 233, downloaded 0, added 137
#14 118.8 ../..                                    | Progress: resolved 264, reused 233, downloaded 0, added 138
#14 119.8 ../..                                    | Progress: resolved 264, reused 233, downloaded 0, added 141
#14 120.8 ../..                                    | Progress: resolved 264, reused 233, downloaded 0, added 142
#14 122.6 ../..                                    | Progress: resolved 264, reused 233, downloaded 0, added 143
#14 123.6 ../..                                    | Progress: resolved 264, reused 233, downloaded 0, added 173
#14 124.6 ../..                                    | Progress: resolved 264, reused 233, downloaded 0, added 183
#14 125.6 ../..                                    | Progress: resolved 264, reused 233, downloaded 0, added 199
#14 126.6 ../..                                    | Progress: resolved 264, reused 233, downloaded 0, added 211
#14 127.7 ../..                                    | Progress: resolved 264, reused 233, downloaded 0, added 215
#14 128.7 ../..                                    | Progress: resolved 264, reused 233, downloaded 0, added 216
#14 129.7 ../..                                    | Progress: resolved 264, reused 233, downloaded 0, added 217
#14 135.8 ../..                                    | Progress: resolved 264, reused 233, downloaded 0, added 218
#14 136.8 ../..                                    | Progress: resolved 264, reused 233, downloaded 0, added 220
#14 137.8 ../..                                    | Progress: resolved 264, reused 233, downloaded 0, added 222
#14 138.8 ../..                                    | Progress: resolved 264, reused 233, downloaded 0, added 223
#14 140.7 ../..                                    | Progress: resolved 264, reused 233, downloaded 0, added 224
#14 141.7 ../..                                    | Progress: resolved 264, reused 233, downloaded 0, added 225
#14 142.7 ../..                                    | Progress: resolved 264, reused 233, downloaded 0, added 226
#14 144.8 ../..                                    | Progress: resolved 264, reused 233, downloaded 0, added 227
#14 145.8 ../..                                    | Progress: resolved 264, reused 233, downloaded 0, added 228
#14 146.9 ../..                                    | Progress: resolved 264, reused 233, downloaded 0, added 229
#14 154.3 ../..                                    | Progress: resolved 264, reused 233, downloaded 0, added 230
#14 155.3 ../..                                    | Progress: resolved 264, reused 233, downloaded 0, added 231
#14 169.2 ../..                                    | Progress: resolved 264, reused 233, downloaded 0, added 232
#14 177.3 ../..                                    | Progress: resolved 264, reused 233, downloaded 0, added 233
#14 177.3 ../..                                    | Progress: resolved 264, reused 233, downloaded 0, added 233, done
#14 178.8 .../esbuild@0.28.2/node_modules/esbuild postinstall$ node install.js
#14 180.4 .../esbuild@0.28.2/node_modules/esbuild postinstall: Done
#14 190.3  WARN  Failed to create bin at /prod/node_modules/.bin/bcrypt. ENOENT: no such file or directory, chmod '/prod/node_modules/.bin/bcrypt'
#14 190.3  WARN  Failed to create bin at /prod/node_modules/.bin/tsserver. ENOENT: no such file or directory, chmod '/prod/node_modules/.bin/tsserver'
#14 190.4  WARN  Issues with peer dependencies found
#14 190.4 apps/api
#14 190.4 └─┬ prisma 6.19.3
#14 190.4   └─┬ @prisma/config 6.19.3
#14 190.4     └─┬ c12 3.1.0
#14 190.4       └── ✕ unmet peer magicast@^0.3.5: found 0.5.4
#14 190.4 
#14 DONE 202.8s

#15 [stage-1 2/5] WORKDIR /app/apps/api
#15 CACHED

#16 [stage-1 3/5] COPY --from=build /prod ./
