#1 [internal] load local bake definitions
#1 reading from stdin 374B 0.2s done
#1 DONE 0.2s

#2 [internal] load build definition from Dockerfile
#2 transferring dockerfile: 30B 0.0s
#2 transferring dockerfile: 923B 0.1s done
#2 DONE 0.3s

#3 [internal] load metadata for docker.io/library/node:22-alpine
#3 DONE 0.5s

#4 [internal] load .dockerignore
#4 transferring context:
#4 transferring context: 102B 0.1s done
#4 DONE 0.2s

#5 [build 1/9] FROM docker.io/library/node:22-alpine@sha256:c610fcdfb1d5b4740dd70c284ed3cb16bb857e0f7166196e36a5501df7a3aa32
#5 resolve docker.io/library/node:22-alpine@sha256:c610fcdfb1d5b4740dd70c284ed3cb16bb857e0f7166196e36a5501df7a3aa32 0.0s done
#5 DONE 0.1s

#6 [build 2/9] WORKDIR /app
#6 CACHED

#7 [internal] load build context
#7 transferring context: 902.09kB 1.0s done
#7 DONE 1.4s

#8 [build 3/9] COPY package.json pnpm-lock.yaml pnpm-workspace.yaml ./
#8 DONE 0.2s

#9 [build 4/9] COPY apps/api/package.json ./apps/api/package.json
#9 DONE 0.2s

#10 [build 5/9] RUN corepack enable && pnpm install --frozen-lockfile=false
#10 1.439 ! Corepack is about to download https://registry.npmjs.org/pnpm/-/pnpm-9.0.0.tgz
#10 6.851 Scope: all 2 workspace projects
#10 7.904 Progress: resolved 0, reused 0, downloaded 1, added 0
#10 8.908 Progress: resolved 11, reused 0, downloaded 11, added 0
#10 9.908 Progress: resolved 16, reused 0, downloaded 16, added 0
#10 10.86 
#10 10.86    ╭───────────────────────────────────────────────────────────────────╮
#10 10.86    │                                                                   │
#10 10.86    │                Update available! 9.0.0 → 11.25.0.                 │
#10 10.86    │   Changelog: https://github.com/pnpm/pnpm/releases/tag/v11.25.0   │
#10 10.86    │     Run "corepack prepare pnpm@11.25.0 --activate" to update.     │
#10 10.86    │                                                                   │
#10 10.86    │      Follow @pnpmjs for updates: https://twitter.com/pnpmjs       │
#10 10.86    │                                                                   │
#10 10.86    ╰───────────────────────────────────────────────────────────────────╯
#10 10.86 
#10 10.91 Progress: resolved 18, reused 0, downloaded 18, added 0
#10 13.36 Progress: resolved 18, reused 0, downloaded 19, added 0
#10 14.36 Progress: resolved 19, reused 0, downloaded 19, added 0
#10 15.36 Progress: resolved 20, reused 0, downloaded 20, added 0
#10 17.84 Progress: resolved 20, reused 0, downloaded 21, added 0
#10 18.84 Progress: resolved 21, reused 0, downloaded 21, added 0
#10 20.71 Progress: resolved 21, reused 0, downloaded 22, added 0
#10 21.71 Progress: resolved 22, reused 0, downloaded 22, added 0
#10 35.91 Progress: resolved 22, reused 0, downloaded 23, added 0
#10 36.91 Progress: resolved 23, reused 0, downloaded 23, added 0
#10 62.28 Progress: resolved 23, reused 0, downloaded 24, added 0
#10 63.33 Progress: resolved 35, reused 0, downloaded 33, added 0
#10 64.35 Progress: resolved 78, reused 0, downloaded 71, added 0
#10 65.40 Progress: resolved 117, reused 0, downloaded 108, added 0
#10 66.41 Progress: resolved 141, reused 0, downloaded 112, added 0
#10 67.41 Progress: resolved 167, reused 0, downloaded 134, added 0
#10 68.43 Progress: resolved 195, reused 0, downloaded 164, added 0
#10 69.43 Progress: resolved 230, reused 0, downloaded 199, added 0
#10 70.43 Progress: resolved 234, reused 0, downloaded 203, added 0
#10 71.50 Progress: resolved 234, reused 0, downloaded 204, added 0
#10 72.51 Progress: resolved 247, reused 0, downloaded 216, added 0
#10 73.51 Progress: resolved 252, reused 0, downloaded 221, added 0
#10 74.51 Progress: resolved 260, reused 0, downloaded 227, added 0
#10 75.60 Progress: resolved 264, reused 0, downloaded 230, added 0
#10 75.63 Packages: +233
#10 75.63 ++++++++++++++++++++++++++++++++++++++++++++++++++++++++++++++++++++++++++++++++
#10 76.60 Progress: resolved 264, reused 0, downloaded 233, added 21
#10 77.60 Progress: resolved 264, reused 0, downloaded 233, added 146
#10 78.60 Progress: resolved 264, reused 0, downloaded 233, added 231
#10 78.76 Progress: resolved 264, reused 0, downloaded 233, added 233, done
#10 79.30 .../node_modules/@prisma/engines postinstall$ node scripts/postinstall.js
#10 79.42 .../esbuild@0.28.2/node_modules/esbuild postinstall$ node install.js
#10 79.87 .../esbuild@0.28.2/node_modules/esbuild postinstall: Done
#10 99.32 .../node_modules/@prisma/engines postinstall: Done
#10 100.7 .../node_modules/prisma preinstall$ node scripts/preinstall-entry.js
#10 101.1 .../node_modules/prisma preinstall: Done
#10 103.3 .../node_modules/@prisma/client postinstall$ node scripts/postinstall.js
#10 121.1 .../node_modules/@prisma/client postinstall: prisma:warn We could not find your Prisma schema in the default locations (see: https://pris.ly/d/prisma-schema-location).
#10 121.1 .../node_modules/@prisma/client postinstall: If you have a Prisma schema file in a custom path, you will need to run
#10 121.1 .../node_modules/@prisma/client postinstall: `prisma generate --schema=./path/to/your/schema.prisma` to generate Prisma Client.
#10 121.1 .../node_modules/@prisma/client postinstall: If you do not have a Prisma schema file yet, you can ignore this message.
#10 121.3 .../node_modules/@prisma/client postinstall: Done
#10 125.1 
#10 125.1 devDependencies:
#10 125.1 + prettier 3.7.4
#10 125.1 + turbo 2.9.18
#10 125.1 + typescript 5.9.2
#10 125.1 
#10 125.1  WARN  Issues with peer dependencies found
#10 125.1 apps/api
#10 125.1 └─┬ prisma 6.19.3
#10 125.1   └─┬ @prisma/config 6.19.3
#10 125.1     └─┬ c12 3.1.0
#10 125.1       └── ✕ unmet peer magicast@^0.3.5: found 0.5.4
#10 125.1 
#10 125.1 Done in 1m 59.1s
#10 DONE 126.8s

#11 [build 4/9] COPY apps/api/package.json ./apps/api/package.json
#11 CACHED

#12 [build 5/9] RUN corepack enable && pnpm install --frozen-lockfile=false
#12 CACHED

#13 [build 3/9] COPY package.json pnpm-lock.yaml pnpm-workspace.yaml ./
#13 CACHED

#14 [build 6/9] COPY apps/api ./apps/api
#14 DONE 3.3s

#15 [build 7/9] WORKDIR /app/apps/api
#15 DONE 0.9s

#16 [build 8/9] RUN pnpm install --filter events-api --no-frozen-lockfile
#16 13.33 Done in 9.8s
#16 DONE 13.9s

#17 [build 9/9] RUN pnpm --filter events-api exec prisma generate --schema prisma/schema.prisma && pnpm --filter events-api build && pnpm deploy --filter events-api /prod && PRISMA_CLIENT_DIR=$(find /app/node_modules -type d -path '*/.prisma/client' | head -n 1) && mkdir -p /prod/node_modules/.prisma && cp -r "$PRISMA_CLIENT_DIR" /prod/node_modules/.prisma/client
#17 14.52 Environment variables loaded from .env
#17 14.53 Prisma schema loaded from prisma/schema.prisma
#17 19.12 
#17 19.12 ✔ Generated Prisma Client (v6.19.3) to ./../../node_modules/.pnpm/@prisma+client@6.19.3_prisma@6.19.3_magicast@0.5.4_typescript@5.9.2__typescript@5.9.2/node_modules/@prisma/client in 1.84s
#17 19.12 
#17 19.12 Start by importing your Prisma Client (See: https://pris.ly/d/importing-client)
#17 19.12 
#17 19.12 Tip: Interested in query caching in just a few lines of code? Try Accelerate today! https://pris.ly/tip-3-accelerate
#17 19.12 
#17 21.81 
#17 21.81 > events-api@0.1.0 build /app/apps/api
#17 21.81 > tsc -p tsconfig.json
#17 21.81 
#17 64.24 Packages are copied from the content-addressable store to the virtual store.
#17 64.24   Content-addressable store is at: /root/.local/share/pnpm/store/v3
#17 64.24   Virtual store is at:             ../../../prod/node_modules/.pnpm
#17 65.72 ../..                                    | Progress: resolved 0, reused 1, downloaded 0, added 0
#17 66.73 ../..                                    | Progress: resolved 20, reused 20, downloaded 0, added 0
#17 67.89 ../..                                    | Progress: resolved 28, reused 28, downloaded 0, added 0
#17 69.05 ../..                                    | Progress: resolved 94, reused 73, downloaded 0, added 0
#17 70.16 ../..                                    | Progress: resolved 175, reused 144, downloaded 0, added 0
#17 71.17 ../..                                    | Progress: resolved 258, reused 227, downloaded 0, added 0
#17 72.20 ../..                                    | Progress: resolved 259, reused 228, downloaded 0, added 0
#17 73.31 ../..                                    | Progress: resolved 264, reused 233, downloaded 0, added 0
#17 73.34 ../..                                    | +233 +++++++++++++++++++++++
#17 75.38 ../..                                    | Progress: resolved 264, reused 233, downloaded 0, added 1
#17 76.38 ../..                                    | Progress: resolved 264, reused 233, downloaded 0, added 11
#17 77.39 ../..                                    | Progress: resolved 264, reused 233, downloaded 0, added 13
#17 79.19 ../..                                    | Progress: resolved 264, reused 233, downloaded 0, added 14
#17 80.19 ../..                                    | Progress: resolved 264, reused 233, downloaded 0, added 15
#17 81.20 ../..                                    | Progress: resolved 264, reused 233, downloaded 0, added 18
#17 ...

#18 [stage-1 2/5] WORKDIR /app/apps/api
#18 CACHED

#17 [build 9/9] RUN pnpm --filter events-api exec prisma generate --schema prisma/schema.prisma && pnpm --filter events-api build && pnpm deploy --filter events-api /prod && PRISMA_CLIENT_DIR=$(find /app/node_modules -type d -path '*/.prisma/client' | head -n 1) && mkdir -p /prod/node_modules/.prisma && cp -r "$PRISMA_CLIENT_DIR" /prod/node_modules/.prisma/client
#17 82.26 ../..                                    | Progress: resolved 264, reused 233, downloaded 0, added 24
#17 83.26 ../..                                    | Progress: resolved 264, reused 233, downloaded 0, added 31
#17 84.26 ../..                                    | Progress: resolved 264, reused 233, downloaded 0, added 38
#17 85.26 ../..                                    | Progress: resolved 264, reused 233, downloaded 0, added 43
#17 86.26 ../..                                    | Progress: resolved 264, reused 233, downloaded 0, added 46
#17 87.28 ../..                                    | Progress: resolved 264, reused 233, downloaded 0, added 47
#17 88.27 ../..                                    | Progress: resolved 264, reused 233, downloaded 0, added 49
#17 89.27 ../..                                    | Progress: resolved 264, reused 233, downloaded 0, added 50
#17 90.27 ../..                                    | Progress: resolved 264, reused 233, downloaded 0, added 52
#17 92.28 ../..                                    | Progress: resolved 264, reused 233, downloaded 0, added 53
#17 93.29 ../..                                    | Progress: resolved 264, reused 233, downloaded 0, added 57
#17 94.29 ../..                                    | Progress: resolved 264, reused 233, downloaded 0, added 62
#17 95.29 ../..                                    | Progress: resolved 264, reused 233, downloaded 0, added 67
#17 96.29 ../..                                    | Progress: resolved 264, reused 233, downloaded 0, added 77
#17 97.29 ../..                                    | Progress: resolved 264, reused 233, downloaded 0, added 79
#17 98.30 ../..                                    | Progress: resolved 264, reused 233, downloaded 0, added 82
#17 99.30 ../..                                    | Progress: resolved 264, reused 233, downloaded 0, added 85
#17 101.2 ../..                                    | Progress: resolved 264, reused 233, downloaded 0, added 86
#17 102.6 ../..                                    | Progress: resolved 264, reused 233, downloaded 0, added 87
#17 103.6 ../..                                    | Progress: resolved 264, reused 233, downloaded 0, added 88
#17 105.2 ../..                                    | Progress: resolved 264, reused 233, downloaded 0, added 89
#17 107.3 ../..                                    | Progress: resolved 264, reused 233, downloaded 0, added 90
#17 111.8 ../..                                    | Progress: resolved 264, reused 233, downloaded 0, added 91
#17 112.8 ../..                                    | Progress: resolved 264, reused 233, downloaded 0, added 92
#17 113.8 ../..                                    | Progress: resolved 264, reused 233, downloaded 0, added 94
#17 114.8 ../..                                    | Progress: resolved 264, reused 233, downloaded 0, added 95
#17 115.8 ../..                                    | Progress: resolved 264, reused 233, downloaded 0, added 98
#17 120.8 ../..                                    | Progress: resolved 264, reused 233, downloaded 0, added 99
#17 123.0 ../..                                    | Progress: resolved 264, reused 233, downloaded 0, added 100
#17 124.0 ../..                                    | Progress: resolved 264, reused 233, downloaded 0, added 106
#17 125.0 ../..                                    | Progress: resolved 264, reused 233, downloaded 0, added 111
#17 126.0 ../..                                    | Progress: resolved 264, reused 233, downloaded 0, added 115
#17 127.0 ../..                                    | Progress: resolved 264, reused 233, downloaded 0, added 118
#17 128.0 ../..                                    | Progress: resolved 264, reused 233, downloaded 0, added 119
#17 129.1 ../..                                    | Progress: resolved 264, reused 233, downloaded 0, added 120
#17 130.1 ../..                                    | Progress: resolved 264, reused 233, downloaded 0, added 122
#17 132.3 ../..                                    | Progress: resolved 264, reused 233, downloaded 0, added 123
#17 133.3 ../..                                    | Progress: resolved 264, reused 233, downloaded 0, added 131
#17 134.3 ../..                                    | Progress: resolved 264, reused 233, downloaded 0, added 133
#17 135.3 ../..                                    | Progress: resolved 264, reused 233, downloaded 0, added 135
#17 136.4 ../..                                    | Progress: resolved 264, reused 233, downloaded 0, added 136
#17 137.4 ../..                                    | Progress: resolved 264, reused 233, downloaded 0, added 140
#17 138.4 ../..                                    | Progress: resolved 264, reused 233, downloaded 0, added 148
#17 139.4 ../..                                    | Progress: resolved 264, reused 233, downloaded 0, added 163
#17 140.4 ../..                                    | Progress: resolved 264, reused 233, downloaded 0, added 172
#17 141.4 ../..                                    | Progress: resolved 264, reused 233, downloaded 0, added 175
#17 142.4 ../..                                    | Progress: resolved 264, reused 233, downloaded 0, added 178
#17 143.4 ../..                                    | Progress: resolved 264, reused 233, downloaded 0, added 186
#17 144.4 ../..                                    | Progress: resolved 264, reused 233, downloaded 0, added 199
#17 145.4 ../..                                    | Progress: resolved 264, reused 233, downloaded 0, added 204
#17 146.4 ../..                                    | Progress: resolved 264, reused 233, downloaded 0, added 213
#17 147.4 ../..                                    | Progress: resolved 264, reused 233, downloaded 0, added 215
#17 148.4 ../..                                    | Progress: resolved 264, reused 233, downloaded 0, added 217
#17 151.5 ../..                                    | Progress: resolved 264, reused 233, downloaded 0, added 218
#17 152.5 ../..                                    | Progress: resolved 264, reused 233, downloaded 0, added 219
#17 153.5 ../..                                    | Progress: resolved 264, reused 233, downloaded 0, added 221
#17 154.5 ../..                                    | Progress: resolved 264, reused 233, downloaded 0, added 223
#17 155.5 ../..                                    | Progress: resolved 264, reused 233, downloaded 0, added 224
#17 156.5 ../..                                    | Progress: resolved 264, reused 233, downloaded 0, added 226
#17 157.7 ../..                                    | Progress: resolved 264, reused 233, downloaded 0, added 227
#17 158.7 ../..                                    | Progress: resolved 264, reused 233, downloaded 0, added 228
#17 159.7 ../..                                    | Progress: resolved 264, reused 233, downloaded 0, added 229
#17 171.8 ../..                                    | Progress: resolved 264, reused 233, downloaded 0, added 230
#17 172.8 ../..                                    | Progress: resolved 264, reused 233, downloaded 0, added 231
#17 181.2 ../..                                    | Progress: resolved 264, reused 233, downloaded 0, added 232
#17 183.7 ../..                                    | Progress: resolved 264, reused 233, downloaded 0, added 233
#17 183.7 ../..                                    | Progress: resolved 264, reused 233, downloaded 0, added 233, done
#17 184.1 .../esbuild@0.28.2/node_modules/esbuild postinstall$ node install.js
#17 184.5 .../esbuild@0.28.2/node_modules/esbuild postinstall: Done
#17 187.5  WARN  Issues with peer dependencies found
#17 187.5 apps/api
#17 187.5 └─┬ prisma 6.19.3
#17 187.5   └─┬ @prisma/config 6.19.3
#17 187.5     └─┬ c12 3.1.0
#17 187.5       └── ✕ unmet peer magicast@^0.3.5: found 0.5.4
#17 187.5 
#17 DONE 189.6s

#19 [stage-1 3/5] COPY --from=build /prod ./
#19 DONE 23.2s

#20 [stage-1 4/5] COPY --from=build /app/apps/api/dist ./dist
#20 DONE 2.4s

#21 [stage-1 5/5] COPY --from=build /app/apps/api/prisma ./prisma
#21 DONE 0.5s

#22 exporting to image
#22 exporting layers
#22 exporting layers 44.6s done
#22 exporting manifest sha256:32925ae34e17bc657536b684b60d02e8b967a482e47e4ac16570474a46659f7c
#22 exporting manifest sha256:32925ae34e17bc657536b684b60d02e8b967a482e47e4ac16570474a46659f7c 0.3s done
#22 exporting config sha256:e9bf722808798546fcf408ff74bcf468862176c2c7bf9ef18cac528f00661cc2
#22 exporting config sha256:e9bf722808798546fcf408ff74bcf468862176c2c7bf9ef18cac528f00661cc2 0.6s done
#22 exporting attestation manifest sha256:b92c040992502bbd913326e2b904a9d72f4e5187451e5a97ebd6c2251c554833 0.1s done
#22 exporting manifest list sha256:0e6f300554d37223b2d5e3eaea2e17237feb5d25115dd9390d691f13bb990a90
#22 exporting manifest list sha256:0e6f300554d37223b2d5e3eaea2e17237feb5d25115dd9390d691f13bb990a90 0.1s done
#22 naming to docker.io/library/events-monorepo-api:latest 0.0s done
#22 unpacking to docker.io/library/events-monorepo-api:latest
#22 unpacking to docker.io/library/events-monorepo-api:latest 27.1s done
#22 DONE 73.1s

#23 resolving provenance for metadata file
#23 DONE 0.1s
